constants.ts(19,3): error TS2741: Property 'type' is missing in type '{ id: string; name: string; position: [number, number, number]; size: [number, number, number]; color: string; }' but required in type 'Building'.
constants.ts(20,3): error TS2741: Property 'type' is missing in type '{ id: string; name: string; position: [number, number, number]; size: [number, number, number]; color: string; }' but required in type 'Building'.
constants.ts(23,3): error TS2741: Property 'type' is missing in type '{ id: string; name: string; position: [number, number, number]; size: [number, number, number]; color: string; }' but required in type 'Building'.
constants.ts(24,3): error TS2741: Property 'type' is missing in type '{ id: string; name: string; position: [number, number, number]; size: [number, number, number]; color: string; }' but required in type 'Building'.
constants.ts(25,3): error TS2741: Property 'type' is missing in type '{ id: string; name: string; position: [number, number, number]; size: [number, number, number]; color: string; }' but required in type 'Building'.
constants.ts(26,3): error TS2741: Property 'type' is missing in type '{ id: string; name: string; position: [number, number, number]; size: [number, number, number]; color: string; }' but required in type 'Building'.
constants.ts(29,3): error TS2741: Property 'type' is missing in type '{ id: string; name: string; position: [number, number, number]; size: [number, number, number]; color: string; }' but required in type 'Building'.
constants.ts(30,3): error TS2741: Property 'type' is missing in type '{ id: string; name: string; position: [number, number, number]; size: [number, number, number]; color: string; }' but required in type 'Building'.
constants.ts(31,3): error TS2741: Property 'type' is missing in type '{ id: string; name: string; position: [number, number, number]; size: [number, number, number]; color: string; }' but required in type 'Building'.
src/pages/RealMap.tsx(87,17): error TS2769: No overload matches this call.
  Overload 1 of 2, '(props: InteractiveMapProps): InteractiveMap', gave the following error.
    Type '{ children: (Element | Element[])[]; onMove: (evt: any) => void; mapStyle: string; mapboxAccessToken: any; style: { width: string; height: string; }; antialias: boolean; latitude: number; longitude: number; zoom: number; pitch: number; bearing: number; }' is not assignable to type 'IntrinsicAttributes & IntrinsicClassAttributes<InteractiveMap> & Readonly<InteractiveMapProps>'.
      Property 'onMove' does not exist on type 'IntrinsicAttributes & IntrinsicClassAttributes<InteractiveMap> & Readonly<InteractiveMapProps>'.
  Overload 2 of 2, '(props: InteractiveMapProps, context: any): InteractiveMap', gave the following error.
    Type '{ children: (Element | Element[])[]; onMove: (evt: any) => void; mapStyle: string; mapboxAccessToken: any; style: { width: string; height: string; }; antialias: boolean; latitude: number; longitude: number; zoom: number; pitch: number; bearing: number; }' is not assignable to type 'IntrinsicAttributes & IntrinsicClassAttributes<InteractiveMap> & Readonly<InteractiveMapProps>'.
      Property 'onMove' does not exist on type 'IntrinsicAttributes & IntrinsicClassAttributes<InteractiveMap> & Readonly<InteractiveMapProps>'.
src/pages/RealMap.tsx(100,36): error TS2769: No overload matches this call.
  Overload 1 of 2, '(props: NavigationControlProps): NavigationControl', gave the following error.
    Type '{ position: string; }' is not assignable to type 'IntrinsicAttributes & IntrinsicClassAttributes<NavigationControl> & Readonly<NavigationControlProps>'.
      Property 'position' does not exist on type 'IntrinsicAttributes & IntrinsicClassAttributes<NavigationControl> & Readonly<NavigationControlProps>'.
  Overload 2 of 2, '(props: NavigationControlProps, context: any): NavigationControl', gave the following error.
    Type '{ position: string; }' is not assignable to type 'IntrinsicAttributes & IntrinsicClassAttributes<NavigationControl> & Readonly<NavigationControlProps>'.
      Property 'position' does not exist on type 'IntrinsicAttributes & IntrinsicClassAttributes<NavigationControl> & Readonly<NavigationControlProps>'.
src/pages/RealMap.tsx(117,25): error TS2769: No overload matches this call.
  Overload 1 of 2, '(props: MarkerProps): Marker', gave the following error.
    Type '{ children: Element; key: string; latitude: number; longitude: number; onClick: (e: any) => void; }' is not assignable to type 'IntrinsicAttributes & IntrinsicClassAttributes<Marker> & Readonly<MarkerProps>'.
      Property 'onClick' does not exist on type 'IntrinsicAttributes & IntrinsicClassAttributes<Marker> & Readonly<MarkerProps>'.
  Overload 2 of 2, '(props: MarkerProps, context: any): Marker', gave the following error.
    Type '{ children: Element; key: string; latitude: number; longitude: number; onClick: (e: any) => void; }' is not assignable to type 'IntrinsicAttributes & IntrinsicClassAttributes<Marker> & Readonly<MarkerProps>'.
      Property 'onClick' does not exist on type 'IntrinsicAttributes & IntrinsicClassAttributes<Marker> & Readonly<MarkerProps>'.
